[36mvite v5.4.21 [32mbuilding for development...[36m[39m
transforming...
node.exe : DEPRECATION 
WARNING [legacy-js-api]: 
The legacy JS API is 
deprecated and will be 
removed in Dart Sass 
2.0.0.
At C:\Program 
Files\nodejs\npx.ps1:29 
char:3
+   & $NODE_EXE 
$NPX_CLI_JS $args
+   ~~~~~~~~~~~~~~~~~~~~~~
~~~~~~~
    + CategoryInfo        
      : NotSpecified: (D  
  EPRECATION WAR...art    
 Sass 2.0.0.:String) [    
], RemoteException
    + FullyQualifiedError 
   Id : NativeCommandErr  
  or
 

More info: https://sass-la
ng.com/d/legacy-js-api

DEPRECATION WARNING 
[import]: Sass @import 
rules are deprecated and 
will be removed in Dart 
Sass 3.0.0.

More info and automated 
migrator: https://sass-lan
g.com/d/import

  Γò╖
1 Γöé @import 'variables';
  Γöé         ^^^^^^^^^^^
  Γò╡
    
src\styles\global.scss 
1:9  root stylesheet

DEPRECATION WARNING 
[legacy-js-api]: The 
legacy JS API is 
deprecated and will be 
removed in Dart Sass 
2.0.0.

More info: https://sass-la
ng.com/d/legacy-js-api

DEPRECATION WARNING 
[import]: Sass @import 
rules are deprecated and 
will be removed in Dart 
Sass 3.0.0.

More info and automated 
migrator: https://sass-lan
g.com/d/import

  Γò╖
1 Γöé @import 
'../../styles/variables';
  Γöé         
^^^^^^^^^^^^^^^^^^^^^^^^
  Γò╡
    src\components\Header\
Header.scss 1:9  root 
stylesheet

DEPRECATION WARNING 
[import]: Sass @import 
rules are deprecated and 
will be removed in Dart 
Sass 3.0.0.

More info and automated 
migrator: https://sass-lan
g.com/d/import

  Γò╖
2 Γöé @import 
'../../styles/mixins';
  Γöé         
^^^^^^^^^^^^^^^^^^^^^
  Γò╡
    src\components\Header\
Header.scss 2:9  root 
stylesheet

DEPRECATION WARNING 
[legacy-js-api]: The 
legacy JS API is 
deprecated and will be 
removed in Dart Sass 
2.0.0.

More info: https://sass-la
ng.com/d/legacy-js-api

DEPRECATION WARNING 
[import]: Sass @import 
rules are deprecated and 
will be removed in Dart 
Sass 3.0.0.

More info and automated 
migrator: https://sass-lan
g.com/d/import

  Γò╖
1 Γöé @import '../../../st
yles/variables';
  Γöé         ^^^^^^^^^^^^
^^^^^^^^^^^^^^^
  Γò╡
    src\pages\user\UserPro
file\UserProfile.scss 1:9 
 root stylesheet

DEPRECATION WARNING 
[import]: Sass @import 
rules are deprecated and 
will be removed in Dart 
Sass 3.0.0.

More info and automated 
migrator: https://sass-lan
g.com/d/import

  Γò╖
2 Γöé @import 
'../../../styles/mixins';
  Γöé         
^^^^^^^^^^^^^^^^^^^^^^^^
  Γò╡
    src\pages\user\UserPro
file\UserProfile.scss 2:9 
 root stylesheet

DEPRECATION WARNING 
[legacy-js-api]: The 
legacy JS API is 
deprecated and will be 
removed in Dart Sass 
2.0.0.

More info: https://sass-la
ng.com/d/legacy-js-api

DEPRECATION WARNING 
[import]: Sass @import 
rules are deprecated and 
will be removed in Dart 
Sass 3.0.0.

More info and automated 
migrator: https://sass-lan
g.com/d/import

  Γò╖
1 Γöé @import 
'../../styles/variables';
  Γöé         
^^^^^^^^^^^^^^^^^^^^^^^^
  Γò╡
    src\components\Footer\
Footer.scss 1:9  root 
stylesheet

DEPRECATION WARNING 
[import]: Sass @import 
rules are deprecated and 
will be removed in Dart 
Sass 3.0.0.

More info and automated 
migrator: https://sass-lan
g.com/d/import

  Γò╖
2 Γöé @import 
'../../styles/mixins';
  Γöé         
^^^^^^^^^^^^^^^^^^^^^
  Γò╡
    src\components\Footer\
Footer.scss 2:9  root 
stylesheet

DEPRECATION WARNING 
[legacy-js-api]: The 
legacy JS API is 
deprecated and will be 
removed in Dart Sass 
2.0.0.

More info: https://sass-la
ng.com/d/legacy-js-api

DEPRECATION WARNING 
[import]: Sass @import 
rules are deprecated and 
will be removed in Dart 
Sass 3.0.0.

More info and automated 
migrator: https://sass-lan
g.com/d/import

  Γò╖
1 Γöé @import '../../../st
yles/variables';
  Γöé         ^^^^^^^^^^^^
^^^^^^^^^^^^^^^
  Γò╡
    src\pages\user\Cart\Ca
rt.scss 1:9  root 
stylesheet

DEPRECATION WARNING 
[import]: Sass @import 
rules are deprecated and 
will be removed in Dart 
Sass 3.0.0.

More info and automated 
migrator: https://sass-lan
g.com/d/import

  Γò╖
2 Γöé @import 
'../../../styles/mixins';
  Γöé         
^^^^^^^^^^^^^^^^^^^^^^^^
  Γò╡
    src\pages\user\Cart\Ca
rt.scss 2:9  root 
stylesheet

DEPRECATION WARNING 
[legacy-js-api]: The 
legacy JS API is 
deprecated and will be 
removed in Dart Sass 
2.0.0.

More info: https://sass-la
ng.com/d/legacy-js-api

DEPRECATION WARNING 
[import]: Sass @import 
rules are deprecated and 
will be removed in Dart 
Sass 3.0.0.

More info and automated 
migrator: https://sass-lan
g.com/d/import

  Γò╖
1 Γöé @import '../../../st
yles/variables';
  Γöé         ^^^^^^^^^^^^
^^^^^^^^^^^^^^^
  Γò╡
    src\pages\user\AboutUs
\AboutUs.scss 1:9  root 
stylesheet

DEPRECATION WARNING 
[import]: Sass @import 
rules are deprecated and 
will be removed in Dart 
Sass 3.0.0.

More info and automated 
migrator: https://sass-lan
g.com/d/import

  Γò╖
2 Γöé @import 
'../../../styles/mixins';
  Γöé         
^^^^^^^^^^^^^^^^^^^^^^^^
  Γò╡
    src\pages\user\AboutUs
\AboutUs.scss 2:9  root 
stylesheet

DEPRECATION WARNING 
[import]: Sass @import 
rules are deprecated and 
will be removed in Dart 
Sass 3.0.0.

More info and automated 
migrator: https://sass-lan
g.com/d/import

  Γò╖
5 Γöé @import 'variables';
  Γöé         ^^^^^^^^^^^
  Γò╡
    
src\styles\_mixins.scss 
5:9            @import
    src\components\Header\
Header.scss 2:9  root 
stylesheet

DEPRECATION WARNING 
[import]: Sass @import 
rules are deprecated and 
will be removed in Dart 
Sass 3.0.0.

More info and automated 
migrator: https://sass-lan
g.com/d/import

  Γò╖
5 Γöé @import 'variables';
  Γöé         ^^^^^^^^^^^
  Γò╡
    
src\styles\_mixins.scss 
5:9                      
@import
    src\pages\user\UserPro
file\UserProfile.scss 2:9 
 root stylesheet

DEPRECATION WARNING 
[import]: Sass @import 
rules are deprecated and 
will be removed in Dart 
Sass 3.0.0.

More info and automated 
migrator: https://sass-lan
g.com/d/import

  Γò╖
5 Γöé @import 'variables';
  Γöé         ^^^^^^^^^^^
  Γò╡
    
src\styles\_mixins.scss 
5:9            @import
    src\components\Footer\
Footer.scss 2:9  root 
stylesheet

DEPRECATION WARNING 
[import]: Sass @import 
rules are deprecated and 
will be removed in Dart 
Sass 3.0.0.

More info and automated 
migrator: https://sass-lan
g.com/d/import

  Γò╖
5 Γöé @import 'variables';
  Γöé         ^^^^^^^^^^^
  Γò╡
    
src\styles\_mixins.scss 
5:9        @import
    src\pages\user\Cart\Ca
rt.scss 2:9  root 
stylesheet

DEPRECATION WARNING 
[import]: Sass @import 
rules are deprecated and 
will be removed in Dart 
Sass 3.0.0.

More info and automated 
migrator: https://sass-lan
g.com/d/import

  Γò╖
5 Γöé @import 'variables';
  Γöé         ^^^^^^^^^^^
  Γò╡
    
src\styles\_mixins.scss 
5:9              @import
    src\pages\user\AboutUs
\AboutUs.scss 2:9  root 
stylesheet

DEPRECATION WARNING 
[legacy-js-api]: The 
legacy JS API is 
deprecated and will be 
removed in Dart Sass 
2.0.0.

More info: https://sass-la
ng.com/d/legacy-js-api

DEPRECATION WARNING 
[import]: Sass @import 
rules are deprecated and 
will be removed in Dart 
Sass 3.0.0.

More info and automated 
migrator: https://sass-lan
g.com/d/import

  Γò╖
1 Γöé @import '../../../st
yles/variables';
  Γöé         ^^^^^^^^^^^^
^^^^^^^^^^^^^^^
  Γò╡
    src\pages\admin\Produc
ts\AdminProducts.scss 1:9 
 root stylesheet

DEPRECATION WARNING 
[import]: Sass @import 
rules are deprecated and 
will be removed in Dart 
Sass 3.0.0.

More info and automated 
migrator: https://sass-lan
g.com/d/import

  Γò╖
2 Γöé @import 
'../../../styles/mixins';
  Γöé         
^^^^^^^^^^^^^^^^^^^^^^^^
  Γò╡
    src\pages\admin\Produc
ts\AdminProducts.scss 2:9 
 root stylesheet

DEPRECATION WARNING 
[legacy-js-api]: The 
legacy JS API is 
deprecated and will be 
removed in Dart Sass 
2.0.0.

More info: https://sass-la
ng.com/d/legacy-js-api

DEPRECATION WARNING 
[import]: Sass @import 
rules are deprecated and 
will be removed in Dart 
Sass 3.0.0.

More info and automated 
migrator: https://sass-lan
g.com/d/import

  Γò╖
1 Γöé @import '../../../st
yles/variables';
  Γöé         ^^^^^^^^^^^^
^^^^^^^^^^^^^^^
  Γò╡
    src\pages\admin\AdminL
ogin\AdminLogin.scss 1:9  
root stylesheet

DEPRECATION WARNING 
[import]: Sass @import 
rules are deprecated and 
will be removed in Dart 
Sass 3.0.0.

More info and automated 
migrator: https://sass-lan
g.com/d/import

  Γò╖
2 Γöé @import 
'../../../styles/mixins';
  Γöé         
^^^^^^^^^^^^^^^^^^^^^^^^
  Γò╡
    src\pages\admin\AdminL
ogin\AdminLogin.scss 2:9  
root stylesheet

DEPRECATION WARNING 
[legacy-js-api]: The 
legacy JS API is 
deprecated and will be 
removed in Dart Sass 
2.0.0.

More info: https://sass-la
ng.com/d/legacy-js-api

DEPRECATION WARNING 
[import]: Sass @import 
rules are deprecated and 
will be removed in Dart 
Sass 3.0.0.

More info and automated 
migrator: https://sass-lan
g.com/d/import

  Γò╖
1 Γöé @import '../../../st
yles/variables';
  Γöé         ^^^^^^^^^^^^
^^^^^^^^^^^^^^^
  Γò╡
    src\pages\admin\Dashbo
ard\Dashboard.scss 1:9  
root stylesheet

DEPRECATION WARNING 
[import]: Sass @import 
rules are deprecated and 
will be removed in Dart 
Sass 3.0.0.

More info and automated 
migrator: https://sass-lan
g.com/d/import

  Γò╖
2 Γöé @import 
'../../../styles/mixins';
  Γöé         
^^^^^^^^^^^^^^^^^^^^^^^^
  Γò╡
    src\pages\admin\Dashbo
ard\Dashboard.scss 2:9  
root stylesheet

DEPRECATION WARNING 
[legacy-js-api]: The 
legacy JS API is 
deprecated and will be 
removed in Dart Sass 
2.0.0.

More info: https://sass-la
ng.com/d/legacy-js-api

DEPRECATION WARNING 
[import]: Sass @import 
rules are deprecated and 
will be removed in Dart 
Sass 3.0.0.

More info and automated 
migrator: https://sass-lan
g.com/d/import

  Γò╖
1 Γöé @import '../../../st
yles/variables';
  Γöé         ^^^^^^^^^^^^
^^^^^^^^^^^^^^^
  Γò╡
    src\pages\user\Offers\
Offers.scss 1:9  root 
stylesheet

DEPRECATION WARNING 
[import]: Sass @import 
rules are deprecated and 
will be removed in Dart 
Sass 3.0.0.

More info and automated 
migrator: https://sass-lan
g.com/d/import

  Γò╖
2 Γöé @import 
'../../../styles/mixins';
  Γöé         
^^^^^^^^^^^^^^^^^^^^^^^^
  Γò╡
    src\pages\user\Offers\
Offers.scss 2:9  root 
stylesheet

DEPRECATION WARNING 
[import]: Sass @import 
rules are deprecated and 
will be removed in Dart 
Sass 3.0.0.

More info and automated 
migrator: https://sass-lan
g.com/d/import

  Γò╖
5 Γöé @import 'variables';
  Γöé         ^^^^^^^^^^^
  Γò╡
    
src\styles\_mixins.scss 
5:9                      
@import
    src\pages\admin\Produc
ts\AdminProducts.scss 2:9 
 root stylesheet

DEPRECATION WARNING 
[import]: Sass @import 
rules are deprecated and 
will be removed in Dart 
Sass 3.0.0.

More info and automated 
migrator: https://sass-lan
g.com/d/import

  Γò╖
5 Γöé @import 'variables';
  Γöé         ^^^^^^^^^^^
  Γò╡
    
src\styles\_mixins.scss 
5:9                     
@import
    src\pages\admin\AdminL
ogin\AdminLogin.scss 2:9  
root stylesheet

DEPRECATION WARNING 
[import]: Sass @import 
rules are deprecated and 
will be removed in Dart 
Sass 3.0.0.

More info and automated 
migrator: https://sass-lan
g.com/d/import

  Γò╖
5 Γöé @import 'variables';
  Γöé         ^^^^^^^^^^^
  Γò╡
    
src\styles\_mixins.scss 
5:9                   
@import
    src\pages\admin\Dashbo
ard\Dashboard.scss 2:9  
root stylesheet

DEPRECATION WARNING 
[import]: Sass @import 
rules are deprecated and 
will be removed in Dart 
Sass 3.0.0.

More info and automated 
migrator: https://sass-lan
g.com/d/import

  Γò╖
5 Γöé @import 'variables';
  Γöé         ^^^^^^^^^^^
  Γò╡
    
src\styles\_mixins.scss 
5:9            @import
    src\pages\user\Offers\
Offers.scss 2:9  root 
stylesheet

DEPRECATION WARNING 
[legacy-js-api]: The 
legacy JS API is 
deprecated and will be 
removed in Dart Sass 
2.0.0.

More info: https://sass-la
ng.com/d/legacy-js-api

DEPRECATION WARNING 
[import]: Sass @import 
rules are deprecated and 
will be removed in Dart 
Sass 3.0.0.

More info and automated 
migrator: https://sass-lan
g.com/d/import

  Γò╖
1 Γöé @import 
'../styles/variables';
  Γöé         
^^^^^^^^^^^^^^^^^^^^^
  Γò╡
    
src\context\Toast.scss 
1:9  root stylesheet

DEPRECATION WARNING 
[legacy-js-api]: The 
legacy JS API is 
deprecated and will be 
removed in Dart Sass 
2.0.0.

More info: https://sass-la
ng.com/d/legacy-js-api

DEPRECATION WARNING 
[import]: Sass @import 
rules are deprecated and 
will be removed in Dart 
Sass 3.0.0.

More info and automated 
migrator: https://sass-lan
g.com/d/import

  Γò╖
1 Γöé @import '../../../st
yles/variables';
  Γöé         ^^^^^^^^^^^^
^^^^^^^^^^^^^^^
  Γò╡
    src\pages\admin\AdminL
ayout\AdminLayout.scss 
1:9  root stylesheet

DEPRECATION WARNING 
[import]: Sass @import 
rules are deprecated and 
will be removed in Dart 
Sass 3.0.0.

More info and automated 
migrator: https://sass-lan
g.com/d/import

  Γò╖
2 Γöé @import 
'../../../styles/mixins';
  Γöé         
^^^^^^^^^^^^^^^^^^^^^^^^
  Γò╡
    src\pages\admin\AdminL
ayout\AdminLayout.scss 
2:9  root stylesheet

DEPRECATION WARNING 
[legacy-js-api]: The 
legacy JS API is 
deprecated and will be 
removed in Dart Sass 
2.0.0.

More info: https://sass-la
ng.com/d/legacy-js-api

DEPRECATION WARNING 
[import]: Sass @import 
rules are deprecated and 
will be removed in Dart 
Sass 3.0.0.

More info and automated 
migrator: https://sass-lan
g.com/d/import

  Γò╖
1 Γöé @import 
'../../styles/variables';
  Γöé         
^^^^^^^^^^^^^^^^^^^^^^^^
  Γò╡
    src\components\CartDra
wer\CartDrawer.scss 1:9  
root stylesheet

DEPRECATION WARNING 
[import]: Sass @import 
rules are deprecated and 
will be removed in Dart 
Sass 3.0.0.

More info and automated 
migrator: https://sass-lan
g.com/d/import

  Γò╖
2 Γöé @import 
'../../styles/mixins';
  Γöé         
^^^^^^^^^^^^^^^^^^^^^
  Γò╡
    src\components\CartDra
wer\CartDrawer.scss 2:9  
root stylesheet

DEPRECATION WARNING 
[legacy-js-api]: The 
legacy JS API is 
deprecated and will be 
removed in Dart Sass 
2.0.0.

More info: https://sass-la
ng.com/d/legacy-js-api

DEPRECATION WARNING 
[import]: Sass @import 
rules are deprecated and 
will be removed in Dart 
Sass 3.0.0.

More info and automated 
migrator: https://sass-lan
g.com/d/import

  Γò╖
1 Γöé @import '../../../st
yles/variables';
  Γöé         ^^^^^^^^^^^^
^^^^^^^^^^^^^^^
  Γò╡
    src\pages\admin\Orders
\AdminOrders.scss 1:9  
root stylesheet

DEPRECATION WARNING 
[import]: Sass @import 
rules are deprecated and 
will be removed in Dart 
Sass 3.0.0.

More info and automated 
migrator: https://sass-lan
g.com/d/import

  Γò╖
2 Γöé @import 
'../../../styles/mixins';
  Γöé         
^^^^^^^^^^^^^^^^^^^^^^^^
  Γò╡
    src\pages\admin\Orders
\AdminOrders.scss 2:9  
root stylesheet

DEPRECATION WARNING 
[legacy-js-api]: The 
legacy JS API is 
deprecated and will be 
removed in Dart Sass 
2.0.0.

More info: https://sass-la
ng.com/d/legacy-js-api

DEPRECATION WARNING 
[import]: Sass @import 
rules are deprecated and 
will be removed in Dart 
Sass 3.0.0.

More info and automated 
migrator: https://sass-lan
g.com/d/import

  Γò╖
1 Γöé @import '../../../st
yles/variables';
  Γöé         ^^^^^^^^^^^^
^^^^^^^^^^^^^^^
  Γò╡
    src\pages\user\Home\Ho
me.scss 1:9  root 
stylesheet

DEPRECATION WARNING 
[import]: Sass @import 
rules are deprecated and 
will be removed in Dart 
Sass 3.0.0.

More info and automated 
migrator: https://sass-lan
g.com/d/import

  Γò╖
2 Γöé @import 
'../../../styles/mixins';
  Γöé         
^^^^^^^^^^^^^^^^^^^^^^^^
  Γò╡
    src\pages\user\Home\Ho
me.scss 2:9  root 
stylesheet

DEPRECATION WARNING 
[legacy-js-api]: The 
legacy JS API is 
deprecated and will be 
removed in Dart Sass 
2.0.0.

More info: https://sass-la
ng.com/d/legacy-js-api

DEPRECATION WARNING 
[import]: Sass @import 
rules are deprecated and 
will be removed in Dart 
Sass 3.0.0.

More info and automated 
migrator: https://sass-lan
g.com/d/import

  Γò╖
1 Γöé @import '../../../st
yles/variables';
  Γöé         ^^^^^^^^^^^^
^^^^^^^^^^^^^^^
  Γò╡
    src\pages\admin\Offers
\AdminOffers.scss 1:9  
root stylesheet

DEPRECATION WARNING 
[import]: Sass @import 
rules are deprecated and 
will be removed in Dart 
Sass 3.0.0.

More info and automated 
migrator: https://sass-lan
g.com/d/import

  Γò╖
2 Γöé @import 
'../../../styles/mixins';
  Γöé         
^^^^^^^^^^^^^^^^^^^^^^^^
  Γò╡
    src\pages\admin\Offers
\AdminOffers.scss 2:9  
root stylesheet

DEPRECATION WARNING 
[import]: Sass @import 
rules are deprecated and 
will be removed in Dart 
Sass 3.0.0.

More info and automated 
migrator: https://sass-lan
g.com/d/import

  Γò╖
5 Γöé @import 'variables';
  Γöé         ^^^^^^^^^^^
  Γò╡
    
src\styles\_mixins.scss 
5:9                       
@import
    src\pages\admin\AdminL
ayout\AdminLayout.scss 
2:9  root stylesheet

DEPRECATION WARNING 
[import]: Sass @import 
rules are deprecated and 
will be removed in Dart 
Sass 3.0.0.

More info and automated 
migrator: https://sass-lan
g.com/d/import

  Γò╖
5 Γöé @import 'variables';
  Γöé         ^^^^^^^^^^^
  Γò╡
    
src\styles\_mixins.scss 
5:9                    
@import
    src\components\CartDra
wer\CartDrawer.scss 2:9  
root stylesheet

DEPRECATION WARNING 
[import]: Sass @import 
rules are deprecated and 
will be removed in Dart 
Sass 3.0.0.

More info and automated 
migrator: https://sass-lan
g.com/d/import

  Γò╖
5 Γöé @import 'variables';
  Γöé         ^^^^^^^^^^^
  Γò╡
    
src\styles\_mixins.scss 
5:9                  
@import
    src\pages\admin\Orders
\AdminOrders.scss 2:9  
root stylesheet

DEPRECATION WARNING 
[import]: Sass @import 
rules are deprecated and 
will be removed in Dart 
Sass 3.0.0.

More info and automated 
migrator: https://sass-lan
g.com/d/import

  Γò╖
5 Γöé @import 'variables';
  Γöé         ^^^^^^^^^^^
  Γò╡
    
src\styles\_mixins.scss 
5:9        @import
    src\pages\user\Home\Ho
me.scss 2:9  root 
stylesheet

DEPRECATION WARNING 
[import]: Sass @import 
rules are deprecated and 
will be removed in Dart 
Sass 3.0.0.

More info and automated 
migrator: https://sass-lan
g.com/d/import

  Γò╖
5 Γöé @import 'variables';
  Γöé         ^^^^^^^^^^^
  Γò╡
    
src\styles\_mixins.scss 
5:9                  
@import
    src\pages\admin\Offers
\AdminOffers.scss 2:9  
root stylesheet

DEPRECATION WARNING 
[legacy-js-api]: The 
legacy JS API is 
deprecated and will be 
removed in Dart Sass 
2.0.0.

More info: https://sass-la
ng.com/d/legacy-js-api

DEPRECATION WARNING 
[import]: Sass @import 
rules are deprecated and 
will be removed in Dart 
Sass 3.0.0.

More info and automated 
migrator: https://sass-lan
g.com/d/import

  Γò╖
1 Γöé @import '../../../st
yles/variables';
  Γöé         ^^^^^^^^^^^^
^^^^^^^^^^^^^^^
  Γò╡
    src\pages\admin\Settin
gs\AdminSettings.scss 1:9 
 root stylesheet

DEPRECATION WARNING 
[import]: Sass @import 
rules are deprecated and 
will be removed in Dart 
Sass 3.0.0.

More info and automated 
migrator: https://sass-lan
g.com/d/import

  Γò╖
2 Γöé @import 
'../../../styles/mixins';
  Γöé         
^^^^^^^^^^^^^^^^^^^^^^^^
  Γò╡
    src\pages\admin\Settin
gs\AdminSettings.scss 2:9 
 root stylesheet

DEPRECATION WARNING 
[import]: Sass @import 
rules are deprecated and 
will be removed in Dart 
Sass 3.0.0.

More info and automated 
migrator: https://sass-lan
g.com/d/import

  Γò╖
5 Γöé @import 'variables';
  Γöé         ^^^^^^^^^^^
  Γò╡
    
src\styles\_mixins.scss 
5:9                      
@import
    src\pages\admin\Settin
gs\AdminSettings.scss 2:9 
 root stylesheet

DEPRECATION WARNING 
[legacy-js-api]: The 
legacy JS API is 
deprecated and will be 
removed in Dart Sass 
2.0.0.

More info: https://sass-la
ng.com/d/legacy-js-api

DEPRECATION WARNING 
[import]: Sass @import 
rules are deprecated and 
will be removed in Dart 
Sass 3.0.0.

More info and automated 
migrator: https://sass-lan
g.com/d/import

  Γò╖
1 Γöé @import '../../../st
yles/variables';
  Γöé         ^^^^^^^^^^^^
^^^^^^^^^^^^^^^
  Γò╡
    src\pages\admin\Users\
AdminUsers.scss 1:9  root 
stylesheet

DEPRECATION WARNING 
[import]: Sass @import 
rules are deprecated and 
will be removed in Dart 
Sass 3.0.0.

More info and automated 
migrator: https://sass-lan
g.com/d/import

  Γò╖
2 Γöé @import 
'../../../styles/mixins';
  Γöé         
^^^^^^^^^^^^^^^^^^^^^^^^
  Γò╡
    src\pages\admin\Users\
AdminUsers.scss 2:9  root 
stylesheet

DEPRECATION WARNING 
[import]: Sass @import 
rules are deprecated and 
will be removed in Dart 
Sass 3.0.0.

More info and automated 
migrator: https://sass-lan
g.com/d/import

  Γò╖
5 Γöé @import 'variables';
  Γöé         ^^^^^^^^^^^
  Γò╡
    
src\styles\_mixins.scss 
5:9                @import
    src\pages\admin\Users\
AdminUsers.scss 2:9  root 
stylesheet

[32mΓ£ô[39m 101 modules transformed.
[31mx[39m Build failed 
in 1.90s
[31merror during build:
[31m[vite:css] [sass] 
Undefined variable.
   Γò╖
28 Γöé     padding: 
$space-xxl;
   Γöé              
^^^^^^^^^^
   Γò╡
  src\pages\admin\Users\Ad
minUsers.scss 28:14  root 
stylesheet[31m
file: [36mC:/Users/Lenovo
/Desktop/kidrooproject/fro
ntend/src/pages/admin/User
s/AdminUsers.scss[31m
[33m
Error: Undefined variable.
   Γò╖
28 Γöé     padding: 
$space-xxl;
   Γöé              
^^^^^^^^^^
   Γò╡
  src\pages\admin\Users\Ad
minUsers.scss 28:14  root 
stylesheet
[31m
Error: Undefined variable.
   Γò╖
28 Γöé     padding: 
$space-xxl;
   Γöé              
^^^^^^^^^^
   Γò╡
  src\pages\admin\Users\Ad
minUsers.scss 28:14  root 
stylesheet
    at 
Object.wrapException (C:\U
sers\Lenovo\Desktop\kidroo
project\node_modules\sass\
sass.dart.js:2337:47)
    at C:\Users\Lenovo\Des
ktop\kidrooproject\node_mo
dules\sass\sass.dart.js:91
300:23
    at _wrapJsFunctionForA
sync_closure.$protected (C
:\Users\Lenovo\Desktop\kid
rooproject\node_modules\sa
ss\sass.dart.js:5005:15)
    at _wrapJsFunctionForA
sync_closure.call$2 (C:\Us
ers\Lenovo\Desktop\kidroop
roject\node_modules\sass\s
ass.dart.js:38686:12)
    at 
Object._asyncStartSync (C:
\Users\Lenovo\Desktop\kidr
ooproject\node_modules\sas
s\sass.dart.js:4969:20)
    at _EvaluateVisitor2.v
isitVariableExpression$bod
y$_EvaluateVisitor0 (C:\Us
ers\Lenovo\Desktop\kidroop
roject\node_modules\sass\s
ass.dart.js:91306:16)
    at _EvaluateVisitor2.v
isitVariableExpression$1 (
C:\Users\Lenovo\Desktop\ki
drooproject\node_modules\s
ass\sass.dart.js:91280:19)
    at VariableExpression0
.accept$1$1 (C:\Users\Leno
vo\Desktop\kidrooproject\n
ode_modules\sass\sass.dart
.js:129386:22)
    at VariableExpression0
.accept$1 (C:\Users\Lenovo
\Desktop\kidrooproject\nod
e_modules\sass\sass.dart.j
s:129389:19)
    at C:\Users\Lenovo\Des
ktop\kidrooproject\node_mo
dules\sass\sass.dart.js:89
315:41[39m
